// Jest Snapshot v1, https://goo.gl/fbAQLP

exports[`render Avatar component 1`] = `
<View
  style={
    Array [
      Object {
        "alignItems": "center",
        "flexDirection": "row",
        "marginBottom": 10,
        "marginLeft": 0,
        "marginRight": 0,
        "marginTop": 10,
      },
    ]
  }
>
  <View
    style={
      Array [
        Object {
          "flexBasis": 0,
          "flexGrow": 1,
          "flexShrink": 1,
          "height": 60,
          "marginRight": 10,
          "width": "100%",
        },
      ]
    }
  >
    <Image
      source={
        Object {
          "uri": "https://images.unsplash.com/photo-1556817411-31ae72fa3ea0?ixlib=rb-1.2.1&ixid=MnwxMjA3fDB8MHxwaG90by1wYWdlfHx8fGVufDB8fHx8&auto=format&fit=crop&w=1470&q=80",
        }
      }
      style={
        Array [
          Object {
            "borderRadius": 100,
            "height": "100%",
            "objectFit": "cover",
            "width": "100%",
          },
        ]
      }
    />
  </View>
  <View
    style={
      Array [
        Object {
          "flexBasis": 0,
          "flexGrow": 4,
          "flexShrink": 1,
        },
      ]
    }
  >
    <Text
      style={
        Array [
          Object {
            "color": "#fff",
            "fontSize": 17,
            "fontWeight": "bold",
            "marginBottom": 3,
          },
        ]
      }
    >
      Alexandre
    </Text>
    <Text
      style={
        Array [
          Object {
            "color": "#fff",
            "fontWeight": "200",
          },
        ]
      }
    >
      Malet
    </Text>
  </View>
</View>
`;

exports[`render Progress Bar component 1`] = `
<View
  style={
    Array [
      Object {
        "marginBottom": 10,
        "position": "relative",
      },
    ]
  }
>
  <View
    style={
      Array [
        Object {
          "backgroundColor": "#090D16",
          "height": 5,
          "width": "100%",
        },
      ]
    }
  />
  <View
    percentage={0}
    style={
      Array [
        Object {
          "backgroundColor": "#508dd3",
          "height": 5,
          "position": "absolute",
          "width": "0%",
        },
      ]
    }
  />
</View>
`;
