// Jest Snapshot v1, https://goo.gl/fbAQLP

exports[`render Simple Button component 1`] = `
<View
  accessible={true}
  collapsable={false}
  focusable={true}
  onClick={[Function]}
  onResponderGrant={[Function]}
  onResponderMove={[Function]}
  onResponderRelease={[Function]}
  onResponderTerminate={[Function]}
  onResponderTerminationRequest={[Function]}
  onStartShouldSetResponder={[Function]}
  style={
    Object {
      "alignItems": "center",
      "backgroundColor": "red",
      "borderRadius": 10,
      "justifyContent": "center",
      "opacity": 1,
      "paddingBottom": 20,
      "paddingLeft": 10,
      "paddingRight": 10,
      "paddingTop": 20,
      "width": "100%",
    }
  }
>
  <Text
    style={
      Array [
        Object {
          "color": "white",
          "fontWeight": "600",
        },
      ]
    }
  >
    Sample
  </Text>
</View>
`;
